/space/mawb/anaconda3/envs/comot/lib/python3.8/site-packages/torch/distributed/launch.py:181: FutureWarning: The module torch.distributed.launch is deprecated
and will be removed in future. Use torchrun.
Note that --use-env is set by default in torchrun.
If your script expects `--local-rank` argument to be set, please
change it to read from `os.environ['LOCAL_RANK']` instead. See 
https://pytorch.org/docs/stable/distributed.html#launch-utility for 
further instructions

  warnings.warn(
WARNING:torch.distributed.run:
*****************************************
Setting OMP_NUM_THREADS environment variable for each process to be 1 in default, to avoid your system being overloaded, please further tune the variable for optimal performance in your application as needed. 
*****************************************
/space/mawb/anaconda3/envs/comot/lib/python3.8/site-packages/torchvision/datapoints/__init__.py:12: UserWarning: The torchvision.datapoints and torchvision.transforms.v2 namespaces are still Beta. While we do not expect major breaking changes, some APIs may still change according to user feedback. Please submit any feedback you may have in this issue: https://github.com/pytorch/vision/issues/6753, and you can also check out https://github.com/pytorch/vision/issues/7319 to learn more about the APIs that we suspect might involve future changes. You can silence this warning by calling torchvision.disable_beta_transforms_warning().
  warnings.warn(_BETA_TRANSFORMS_WARNING)
/space/mawb/anaconda3/envs/comot/lib/python3.8/site-packages/torchvision/datapoints/__init__.py:12: UserWarning: The torchvision.datapoints and torchvision.transforms.v2 namespaces are still Beta. While we do not expect major breaking changes, some APIs may still change according to user feedback. Please submit any feedback you may have in this issue: https://github.com/pytorch/vision/issues/6753, and you can also check out https://github.com/pytorch/vision/issues/7319 to learn more about the APIs that we suspect might involve future changes. You can silence this warning by calling torchvision.disable_beta_transforms_warning().
  warnings.warn(_BETA_TRANSFORMS_WARNING)
/space/mawb/anaconda3/envs/comot/lib/python3.8/site-packages/torchvision/datapoints/__init__.py:12: UserWarning: The torchvision.datapoints and torchvision.transforms.v2 namespaces are still Beta. While we do not expect major breaking changes, some APIs may still change according to user feedback. Please submit any feedback you may have in this issue: https://github.com/pytorch/vision/issues/6753, and you can also check out https://github.com/pytorch/vision/issues/7319 to learn more about the APIs that we suspect might involve future changes. You can silence this warning by calling torchvision.disable_beta_transforms_warning().
  warnings.warn(_BETA_TRANSFORMS_WARNING)
/space/mawb/anaconda3/envs/comot/lib/python3.8/site-packages/torchvision/datapoints/__init__.py:12: UserWarning: The torchvision.datapoints and torchvision.transforms.v2 namespaces are still Beta. While we do not expect major breaking changes, some APIs may still change according to user feedback. Please submit any feedback you may have in this issue: https://github.com/pytorch/vision/issues/6753, and you can also check out https://github.com/pytorch/vision/issues/7319 to learn more about the APIs that we suspect might involve future changes. You can silence this warning by calling torchvision.disable_beta_transforms_warning().
  warnings.warn(_BETA_TRANSFORMS_WARNING)
/space/mawb/anaconda3/envs/comot/lib/python3.8/site-packages/torchvision/datapoints/__init__.py:12: UserWarning: The torchvision.datapoints and torchvision.transforms.v2 namespaces are still Beta. While we do not expect major breaking changes, some APIs may still change according to user feedback. Please submit any feedback you may have in this issue: https://github.com/pytorch/vision/issues/6753, and you can also check out https://github.com/pytorch/vision/issues/7319 to learn more about the APIs that we suspect might involve future changes. You can silence this warning by calling torchvision.disable_beta_transforms_warning().
  warnings.warn(_BETA_TRANSFORMS_WARNING)
/space/mawb/anaconda3/envs/comot/lib/python3.8/site-packages/torchvision/datapoints/__init__.py:12: UserWarning: The torchvision.datapoints and torchvision.transforms.v2 namespaces are still Beta. While we do not expect major breaking changes, some APIs may still change according to user feedback. Please submit any feedback you may have in this issue: https://github.com/pytorch/vision/issues/6753, and you can also check out https://github.com/pytorch/vision/issues/7319 to learn more about the APIs that we suspect might involve future changes. You can silence this warning by calling torchvision.disable_beta_transforms_warning().
  warnings.warn(_BETA_TRANSFORMS_WARNING)
/space/mawb/anaconda3/envs/comot/lib/python3.8/site-packages/torchvision/datapoints/__init__.py:12: UserWarning: The torchvision.datapoints and torchvision.transforms.v2 namespaces are still Beta. While we do not expect major breaking changes, some APIs may still change according to user feedback. Please submit any feedback you may have in this issue: https://github.com/pytorch/vision/issues/6753, and you can also check out https://github.com/pytorch/vision/issues/7319 to learn more about the APIs that we suspect might involve future changes. You can silence this warning by calling torchvision.disable_beta_transforms_warning().
  warnings.warn(_BETA_TRANSFORMS_WARNING)
/space/mawb/anaconda3/envs/comot/lib/python3.8/site-packages/torchvision/datapoints/__init__.py:12: UserWarning: The torchvision.datapoints and torchvision.transforms.v2 namespaces are still Beta. While we do not expect major breaking changes, some APIs may still change according to user feedback. Please submit any feedback you may have in this issue: https://github.com/pytorch/vision/issues/6753, and you can also check out https://github.com/pytorch/vision/issues/7319 to learn more about the APIs that we suspect might involve future changes. You can silence this warning by calling torchvision.disable_beta_transforms_warning().
  warnings.warn(_BETA_TRANSFORMS_WARNING)
/space/mawb/anaconda3/envs/comot/lib/python3.8/site-packages/torchvision/transforms/v2/__init__.py:54: UserWarning: The torchvision.datapoints and torchvision.transforms.v2 namespaces are still Beta. While we do not expect major breaking changes, some APIs may still change according to user feedback. Please submit any feedback you may have in this issue: https://github.com/pytorch/vision/issues/6753, and you can also check out https://github.com/pytorch/vision/issues/7319 to learn more about the APIs that we suspect might involve future changes. You can silence this warning by calling torchvision.disable_beta_transforms_warning().
  warnings.warn(_BETA_TRANSFORMS_WARNING)
/space/mawb/anaconda3/envs/comot/lib/python3.8/site-packages/torchvision/transforms/v2/__init__.py:54: UserWarning: The torchvision.datapoints and torchvision.transforms.v2 namespaces are still Beta. While we do not expect major breaking changes, some APIs may still change according to user feedback. Please submit any feedback you may have in this issue: https://github.com/pytorch/vision/issues/6753, and you can also check out https://github.com/pytorch/vision/issues/7319 to learn more about the APIs that we suspect might involve future changes. You can silence this warning by calling torchvision.disable_beta_transforms_warning().
  warnings.warn(_BETA_TRANSFORMS_WARNING)
/space/mawb/anaconda3/envs/comot/lib/python3.8/site-packages/torchvision/transforms/v2/__init__.py:54: UserWarning: The torchvision.datapoints and torchvision.transforms.v2 namespaces are still Beta. While we do not expect major breaking changes, some APIs may still change according to user feedback. Please submit any feedback you may have in this issue: https://github.com/pytorch/vision/issues/6753, and you can also check out https://github.com/pytorch/vision/issues/7319 to learn more about the APIs that we suspect might involve future changes. You can silence this warning by calling torchvision.disable_beta_transforms_warning().
  warnings.warn(_BETA_TRANSFORMS_WARNING)
/space/mawb/anaconda3/envs/comot/lib/python3.8/site-packages/torchvision/transforms/v2/__init__.py:54: UserWarning: The torchvision.datapoints and torchvision.transforms.v2 namespaces are still Beta. While we do not expect major breaking changes, some APIs may still change according to user feedback. Please submit any feedback you may have in this issue: https://github.com/pytorch/vision/issues/6753, and you can also check out https://github.com/pytorch/vision/issues/7319 to learn more about the APIs that we suspect might involve future changes. You can silence this warning by calling torchvision.disable_beta_transforms_warning().
  warnings.warn(_BETA_TRANSFORMS_WARNING)
/space/mawb/anaconda3/envs/comot/lib/python3.8/site-packages/torchvision/transforms/v2/__init__.py:54: UserWarning: The torchvision.datapoints and torchvision.transforms.v2 namespaces are still Beta. While we do not expect major breaking changes, some APIs may still change according to user feedback. Please submit any feedback you may have in this issue: https://github.com/pytorch/vision/issues/6753, and you can also check out https://github.com/pytorch/vision/issues/7319 to learn more about the APIs that we suspect might involve future changes. You can silence this warning by calling torchvision.disable_beta_transforms_warning().
  warnings.warn(_BETA_TRANSFORMS_WARNING)
/space/mawb/anaconda3/envs/comot/lib/python3.8/site-packages/torchvision/transforms/v2/__init__.py:54: UserWarning: The torchvision.datapoints and torchvision.transforms.v2 namespaces are still Beta. While we do not expect major breaking changes, some APIs may still change according to user feedback. Please submit any feedback you may have in this issue: https://github.com/pytorch/vision/issues/6753, and you can also check out https://github.com/pytorch/vision/issues/7319 to learn more about the APIs that we suspect might involve future changes. You can silence this warning by calling torchvision.disable_beta_transforms_warning().
  warnings.warn(_BETA_TRANSFORMS_WARNING)
/space/mawb/anaconda3/envs/comot/lib/python3.8/site-packages/torchvision/transforms/v2/__init__.py:54: UserWarning: The torchvision.datapoints and torchvision.transforms.v2 namespaces are still Beta. While we do not expect major breaking changes, some APIs may still change according to user feedback. Please submit any feedback you may have in this issue: https://github.com/pytorch/vision/issues/6753, and you can also check out https://github.com/pytorch/vision/issues/7319 to learn more about the APIs that we suspect might involve future changes. You can silence this warning by calling torchvision.disable_beta_transforms_warning().
  warnings.warn(_BETA_TRANSFORMS_WARNING)
/space/mawb/anaconda3/envs/comot/lib/python3.8/site-packages/torchvision/transforms/v2/__init__.py:54: UserWarning: The torchvision.datapoints and torchvision.transforms.v2 namespaces are still Beta. While we do not expect major breaking changes, some APIs may still change according to user feedback. Please submit any feedback you may have in this issue: https://github.com/pytorch/vision/issues/6753, and you can also check out https://github.com/pytorch/vision/issues/7319 to learn more about the APIs that we suspect might involve future changes. You can silence this warning by calling torchvision.disable_beta_transforms_warning().
  warnings.warn(_BETA_TRANSFORMS_WARNING)
| distributed init (rank 6): env://
| distributed init (rank 5): env://
| distributed init (rank 3): env://
| distributed init (rank 2): env://
| distributed init (rank 1): env://
| distributed init (rank 7): env://
| distributed init (rank 4): env://
| distributed init (rank 0): env://
/space/mawb/anaconda3/envs/comot/lib/python3.8/site-packages/torchvision/models/_utils.py:208: UserWarning: The parameter 'pretrained' is deprecated since 0.13 and may be removed in the future, please use 'weights' instead.
  warnings.warn(
/space/mawb/anaconda3/envs/comot/lib/python3.8/site-packages/torchvision/models/_utils.py:223: UserWarning: Arguments other than a weight enum or `None` for 'weights' are deprecated since 0.13 and may be removed in the future. The current behavior is equivalent to passing `weights=None`.
  warnings.warn(msg)
/space/mawb/anaconda3/envs/comot/lib/python3.8/site-packages/torchvision/models/_utils.py:208: UserWarning: The parameter 'pretrained' is deprecated since 0.13 and may be removed in the future, please use 'weights' instead.
  warnings.warn(
/space/mawb/anaconda3/envs/comot/lib/python3.8/site-packages/torchvision/models/_utils.py:223: UserWarning: Arguments other than a weight enum or `None` for 'weights' are deprecated since 0.13 and may be removed in the future. The current behavior is equivalent to passing `weights=None`.
  warnings.warn(msg)
/space/mawb/anaconda3/envs/comot/lib/python3.8/site-packages/torchvision/models/_utils.py:208: UserWarning: The parameter 'pretrained' is deprecated since 0.13 and may be removed in the future, please use 'weights' instead.
  warnings.warn(
/space/mawb/anaconda3/envs/comot/lib/python3.8/site-packages/torchvision/models/_utils.py:223: UserWarning: Arguments other than a weight enum or `None` for 'weights' are deprecated since 0.13 and may be removed in the future. The current behavior is equivalent to passing `weights=None`.
  warnings.warn(msg)
/space/mawb/anaconda3/envs/comot/lib/python3.8/site-packages/torchvision/models/_utils.py:208: UserWarning: The parameter 'pretrained' is deprecated since 0.13 and may be removed in the future, please use 'weights' instead.
  warnings.warn(
/space/mawb/anaconda3/envs/comot/lib/python3.8/site-packages/torchvision/models/_utils.py:223: UserWarning: Arguments other than a weight enum or `None` for 'weights' are deprecated since 0.13 and may be removed in the future. The current behavior is equivalent to passing `weights=None`.
  warnings.warn(msg)
/space/mawb/anaconda3/envs/comot/lib/python3.8/site-packages/torchvision/models/_utils.py:208: UserWarning: The parameter 'pretrained' is deprecated since 0.13 and may be removed in the future, please use 'weights' instead.
  warnings.warn(
/space/mawb/anaconda3/envs/comot/lib/python3.8/site-packages/torchvision/models/_utils.py:223: UserWarning: Arguments other than a weight enum or `None` for 'weights' are deprecated since 0.13 and may be removed in the future. The current behavior is equivalent to passing `weights=None`.
  warnings.warn(msg)
/space/mawb/anaconda3/envs/comot/lib/python3.8/site-packages/torchvision/models/_utils.py:208: UserWarning: The parameter 'pretrained' is deprecated since 0.13 and may be removed in the future, please use 'weights' instead.
  warnings.warn(
/space/mawb/anaconda3/envs/comot/lib/python3.8/site-packages/torchvision/models/_utils.py:223: UserWarning: Arguments other than a weight enum or `None` for 'weights' are deprecated since 0.13 and may be removed in the future. The current behavior is equivalent to passing `weights=None`.
  warnings.warn(msg)
git:
  sha: f3c551fc8805b1c9b96ec941c5b48838673f805e, status: has uncommited changes, branch: main

Namespace(accurate_ratio=False, aux_loss=True, backbone='resnet50', batch_size=1, bbox_loss_coef=5, cache_mode=False, cj=False, clip_max_norm=0.1, cls_loss_coef=2, coco_panoptic_path=None, coco_path='/data/workspace/detectron2/datasets/coco/', crop=False, data_ratio=0.5, data_txt_path_train='./datasets/data_path/joint_half.train', data_txt_path_val='./datasets/data_path/mot17.train', dataset_file='e2e_joint', dec_layers=6, dec_n_points=4, decoder_cross_self=False, device='cuda', dice_loss_coef=1, dilation=False, dim_feedforward=1024, dist_backend='nccl', dist_url='env://', distributed=True, dropout=0.0, enable_fpn=False, enc_layers=6, enc_n_points=4, epochs=100, eval=False, exp_name='submit', extra_track_attn=True, features_loss_coef=0.1, filter_ignore=False, focal_alpha=0.25, fp_ratio=0.3, frozen_weights=None, giou_loss_coef=2, gpu=0, gt_file_train=None, gt_file_val=None, hidden_dim=256, img_path='data/valid/JPEGImages/', input_video='figs/demo.mp4', loss_normalizer=False, lr=0.0002, lr_backbone=2e-05, lr_backbone_names=['backbone.0'], lr_drop=50, lr_drop_epochs=None, lr_linear_proj_mult=0.1, lr_linear_proj_names=['reference_points', 'sampling_offsets'], mask_loss_coef=1, masks=False, max_size=1333, memory_bank_len=4, memory_bank_score_thresh=0.0, memory_bank_type=None, memory_bank_with_self_attn=False, merger_dropout=0.0, meta_arch='motr', mix_match=False, mot_path='/space/mawb/MOTR/data/Dataset/mot', nheads=8, num_anchors=1, num_feature_levels=4, num_queries=300, num_workers=2, output_dir='exps/e2e_motr_r50_mot17_joint_half', position_embedding='sine', position_embedding_scale=6.283185307179586, pretrained='/space/mawb/MOTR/exps/e2e_motr_r50_joint_aug1_half/checkpoint.pth', query_interaction_layer='QIM', random_drop=0.1, rank=0, remove_difficult=False, resume='', sample_interval=10, sample_mode='random_interval', sampler_lengths=[2, 3, 4, 5], sampler_steps=[25, 50, 75], save_period=50, seed=42, set_cost_bbox=5, set_cost_class=2, set_cost_giou=2, sgd=False, sigmoid_attn=False, start_epoch=0, two_stage=False, update_query_pos=True, use_checkpoint=True, val_width=800, vis=False, weight_decay=0.0001, with_box_refine=True, world_size=8)
/space/mawb/anaconda3/envs/comot/lib/python3.8/site-packages/torchvision/models/_utils.py:208: UserWarning: The parameter 'pretrained' is deprecated since 0.13 and may be removed in the future, please use 'weights' instead.
  warnings.warn(
/space/mawb/anaconda3/envs/comot/lib/python3.8/site-packages/torchvision/models/_utils.py:208: UserWarning: The parameter 'pretrained' is deprecated since 0.13 and may be removed in the future, please use 'weights' instead.
  warnings.warn(
/space/mawb/anaconda3/envs/comot/lib/python3.8/site-packages/torchvision/models/_utils.py:223: UserWarning: Arguments other than a weight enum or `None` for 'weights' are deprecated since 0.13 and may be removed in the future. The current behavior is equivalent to passing `weights=None`.
  warnings.warn(msg)
/space/mawb/anaconda3/envs/comot/lib/python3.8/site-packages/torchvision/models/_utils.py:223: UserWarning: Arguments other than a weight enum or `None` for 'weights' are deprecated since 0.13 and may be removed in the future. The current behavior is equivalent to passing `weights=ResNet50_Weights.IMAGENET1K_V1`. You can also use `weights=ResNet50_Weights.DEFAULT` to get the most up-to-date weights.
  warnings.warn(msg)
Training with Extra Self Attention in Every Decoder.
Training with Self-Cross Attention.
number of params: 43912992
register 1-th video: /space/mawb/MOTR/data/Dataset/mot/crowdhuman_labels_with_ids/val 
register 2-th video: /space/mawb/MOTR/data/Dataset/mot/MOT17_labels_with_ids/train/MOT17-02-SDP/img1 
register 3-th video: /space/mawb/MOTR/data/Dataset/mot/MOT17_labels_with_ids/train/MOT17-13-SDP/img1 
register 4-th video: /space/mawb/MOTR/data/Dataset/mot/MOT17_labels_with_ids/train/MOT17-05-SDP/img1 
register 5-th video: /space/mawb/MOTR/data/Dataset/mot/MOT17_labels_with_ids/train/MOT17-11-SDP/img1 
register 6-th video: /space/mawb/MOTR/data/Dataset/mot/MOT17_labels_with_ids/train/MOT17-10-SDP/img1 
register 7-th video: /space/mawb/MOTR/data/Dataset/mot/MOT17_labels_with_ids/train/MOT17-04-SDP/img1 
register 8-th video: /space/mawb/MOTR/data/Dataset/mot/MOT17_labels_with_ids/train/MOT17-09-SDP/img1 
sampler_steps=[25, 50, 75] lenghts=[2, 3, 4, 5]
register 1-th video: /space/mawb/MOTR/data/Dataset/mot/MOT17_labels_with_ids/train/MOT17-02-SDP/img1 
register 2-th video: /space/mawb/MOTR/data/Dataset/mot/MOT17_labels_with_ids/train/MOT17-04-SDP/img1 
register 3-th video: /space/mawb/MOTR/data/Dataset/mot/MOT17_labels_with_ids/train/MOT17-05-SDP/img1 
register 4-th video: /space/mawb/MOTR/data/Dataset/mot/MOT17_labels_with_ids/train/MOT17-09-SDP/img1 
register 5-th video: /space/mawb/MOTR/data/Dataset/mot/MOT17_labels_with_ids/train/MOT17-10-SDP/img1 
register 6-th video: /space/mawb/MOTR/data/Dataset/mot/MOT17_labels_with_ids/train/MOT17-11-SDP/img1 
register 7-th video: /space/mawb/MOTR/data/Dataset/mot/MOT17_labels_with_ids/train/MOT17-13-SDP/img1 
sampler_steps=[25, 50, 75] lenghts=[2, 3, 4, 5]
loaded /space/mawb/MOTR/exps/e2e_motr_r50_joint_aug1_half/checkpoint.pth
Start training
set epoch: epoch 0 period_idx=0
set epoch: epoch 0 period_idx=0
/space/mawb/anaconda3/envs/comot/lib/python3.8/site-packages/torch/functional.py:504: UserWarning: torch.meshgrid: in an upcoming release, it will be required to pass the indexing argument. (Triggered internally at /opt/conda/conda-bld/pytorch_1682343998658/work/aten/src/ATen/native/TensorShape.cpp:3483.)
  return _VF.meshgrid(tensors, **kwargs)  # type: ignore[attr-defined]
/space/mawb/anaconda3/envs/comot/lib/python3.8/site-packages/torch/functional.py:504: UserWarning: torch.meshgrid: in an upcoming release, it will be required to pass the indexing argument. (Triggered internally at /opt/conda/conda-bld/pytorch_1682343998658/work/aten/src/ATen/native/TensorShape.cpp:3483.)
  return _VF.meshgrid(tensors, **kwargs)  # type: ignore[attr-defined]
/space/mawb/anaconda3/envs/comot/lib/python3.8/site-packages/torch/functional.py:504: UserWarning: torch.meshgrid: in an upcoming release, it will be required to pass the indexing argument. (Triggered internally at /opt/conda/conda-bld/pytorch_1682343998658/work/aten/src/ATen/native/TensorShape.cpp:3483.)
  return _VF.meshgrid(tensors, **kwargs)  # type: ignore[attr-defined]
/space/mawb/anaconda3/envs/comot/lib/python3.8/site-packages/torch/functional.py:504: UserWarning: torch.meshgrid: in an upcoming release, it will be required to pass the indexing argument. (Triggered internally at /opt/conda/conda-bld/pytorch_1682343998658/work/aten/src/ATen/native/TensorShape.cpp:3483.)
  return _VF.meshgrid(tensors, **kwargs)  # type: ignore[attr-defined]
/space/mawb/anaconda3/envs/comot/lib/python3.8/site-packages/torch/functional.py:504: UserWarning: torch.meshgrid: in an upcoming release, it will be required to pass the indexing argument. (Triggered internally at /opt/conda/conda-bld/pytorch_1682343998658/work/aten/src/ATen/native/TensorShape.cpp:3483.)
  return _VF.meshgrid(tensors, **kwargs)  # type: ignore[attr-defined]
/space/mawb/anaconda3/envs/comot/lib/python3.8/site-packages/torch/functional.py:504: UserWarning: torch.meshgrid: in an upcoming release, it will be required to pass the indexing argument. (Triggered internally at /opt/conda/conda-bld/pytorch_1682343998658/work/aten/src/ATen/native/TensorShape.cpp:3483.)
  return _VF.meshgrid(tensors, **kwargs)  # type: ignore[attr-defined]
/space/mawb/anaconda3/envs/comot/lib/python3.8/site-packages/torch/functional.py:504: UserWarning: torch.meshgrid: in an upcoming release, it will be required to pass the indexing argument. (Triggered internally at /opt/conda/conda-bld/pytorch_1682343998658/work/aten/src/ATen/native/TensorShape.cpp:3483.)
  return _VF.meshgrid(tensors, **kwargs)  # type: ignore[attr-defined]
/space/mawb/anaconda3/envs/comot/lib/python3.8/site-packages/torch/functional.py:504: UserWarning: torch.meshgrid: in an upcoming release, it will be required to pass the indexing argument. (Triggered internally at /opt/conda/conda-bld/pytorch_1682343998658/work/aten/src/ATen/native/TensorShape.cpp:3483.)
  return _VF.meshgrid(tensors, **kwargs)  # type: ignore[attr-defined]
tensor(24, device='cuda:0')
Traceback (most recent call last):
  File "main.py", line 387, in <module>
    main(args)
  File "main.py", line 333, in main
    train_stats = train_func(
  File "/datapool/mawb/MOTR/engine.py", line 106, in train_one_epoch_mot
    outputs = model(data_dict)
  File "/space/mawb/anaconda3/envs/comot/lib/python3.8/site-packages/torch/nn/modules/module.py", line 1501, in _call_impl
    return forward_call(*args, **kwargs)
  File "/space/mawb/anaconda3/envs/comot/lib/python3.8/site-packages/torch/nn/parallel/distributed.py", line 1156, in forward
Traceback (most recent call last):
  File "main.py", line 387, in <module>
    main(args)
  File "main.py", line 333, in main
    train_stats = train_func(
  File "/datapool/mawb/MOTR/engine.py", line 106, in train_one_epoch_mot
    outputs = model(data_dict)
  File "/space/mawb/anaconda3/envs/comot/lib/python3.8/site-packages/torch/nn/modules/module.py", line 1501, in _call_impl
    return forward_call(*args, **kwargs)
  File "/space/mawb/anaconda3/envs/comot/lib/python3.8/site-packages/torch/nn/parallel/distributed.py", line 1156, in forward
Traceback (most recent call last):
  File "main.py", line 387, in <module>
    main(args)
  File "main.py", line 333, in main
    train_stats = train_func(
  File "/datapool/mawb/MOTR/engine.py", line 106, in train_one_epoch_mot
    outputs = model(data_dict)
  File "/space/mawb/anaconda3/envs/comot/lib/python3.8/site-packages/torch/nn/modules/module.py", line 1501, in _call_impl
    return forward_call(*args, **kwargs)
  File "/space/mawb/anaconda3/envs/comot/lib/python3.8/site-packages/torch/nn/parallel/distributed.py", line 1156, in forward
Traceback (most recent call last):
  File "main.py", line 387, in <module>
    main(args)
  File "main.py", line 333, in main
    train_stats = train_func(
  File "/datapool/mawb/MOTR/engine.py", line 106, in train_one_epoch_mot
    outputs = model(data_dict)
  File "/space/mawb/anaconda3/envs/comot/lib/python3.8/site-packages/torch/nn/modules/module.py", line 1501, in _call_impl
    return forward_call(*args, **kwargs)
  File "/space/mawb/anaconda3/envs/comot/lib/python3.8/site-packages/torch/nn/parallel/distributed.py", line 1156, in forward
Traceback (most recent call last):
  File "main.py", line 387, in <module>
    main(args)
  File "main.py", line 333, in main
    train_stats = train_func(
  File "/datapool/mawb/MOTR/engine.py", line 106, in train_one_epoch_mot
    outputs = model(data_dict)
  File "/space/mawb/anaconda3/envs/comot/lib/python3.8/site-packages/torch/nn/modules/module.py", line 1501, in _call_impl
    return forward_call(*args, **kwargs)
  File "/space/mawb/anaconda3/envs/comot/lib/python3.8/site-packages/torch/nn/parallel/distributed.py", line 1156, in forward
Traceback (most recent call last):
  File "main.py", line 387, in <module>
    main(args)
  File "main.py", line 333, in main
    train_stats = train_func(
  File "/datapool/mawb/MOTR/engine.py", line 106, in train_one_epoch_mot
    outputs = model(data_dict)
  File "/space/mawb/anaconda3/envs/comot/lib/python3.8/site-packages/torch/nn/modules/module.py", line 1501, in _call_impl
    return forward_call(*args, **kwargs)
Traceback (most recent call last):
  File "/space/mawb/anaconda3/envs/comot/lib/python3.8/site-packages/torch/nn/parallel/distributed.py", line 1156, in forward
  File "main.py", line 387, in <module>
    main(args)
  File "main.py", line 333, in main
    train_stats = train_func(
  File "/datapool/mawb/MOTR/engine.py", line 106, in train_one_epoch_mot
    outputs = model(data_dict)
  File "/space/mawb/anaconda3/envs/comot/lib/python3.8/site-packages/torch/nn/modules/module.py", line 1501, in _call_impl
    return forward_call(*args, **kwargs)
  File "/space/mawb/anaconda3/envs/comot/lib/python3.8/site-packages/torch/nn/parallel/distributed.py", line 1156, in forward
Traceback (most recent call last):
  File "main.py", line 387, in <module>
    main(args)
  File "main.py", line 333, in main
    train_stats = train_func(
  File "/datapool/mawb/MOTR/engine.py", line 106, in train_one_epoch_mot
    outputs = model(data_dict)
  File "/space/mawb/anaconda3/envs/comot/lib/python3.8/site-packages/torch/nn/modules/module.py", line 1501, in _call_impl
    return forward_call(*args, **kwargs)
  File "/space/mawb/anaconda3/envs/comot/lib/python3.8/site-packages/torch/nn/parallel/distributed.py", line 1156, in forward
    output = self._run_ddp_forward(*inputs, **kwargs)    
output = self._run_ddp_forward(*inputs, **kwargs)
  File "/space/mawb/anaconda3/envs/comot/lib/python3.8/site-packages/torch/nn/parallel/distributed.py", line 1110, in _run_ddp_forward
              File "/space/mawb/anaconda3/envs/comot/lib/python3.8/site-packages/torch/nn/parallel/distributed.py", line 1110, in _run_ddp_forward
    output = self._run_ddp_forward(*inputs, **kwargs)output = self._run_ddp_forward(*inputs, **kwargs)    output = self._run_ddp_forward(*inputs, **kwargs)output = self._run_ddp_forward(*inputs, **kwargs)

output = self._run_ddp_forward(*inputs, **kwargs)


  File "/space/mawb/anaconda3/envs/comot/lib/python3.8/site-packages/torch/nn/parallel/distributed.py", line 1110, in _run_ddp_forward
      File "/space/mawb/anaconda3/envs/comot/lib/python3.8/site-packages/torch/nn/parallel/distributed.py", line 1110, in _run_ddp_forward
  File "/space/mawb/anaconda3/envs/comot/lib/python3.8/site-packages/torch/nn/parallel/distributed.py", line 1110, in _run_ddp_forward
  File "/space/mawb/anaconda3/envs/comot/lib/python3.8/site-packages/torch/nn/parallel/distributed.py", line 1110, in _run_ddp_forward
  File "/space/mawb/anaconda3/envs/comot/lib/python3.8/site-packages/torch/nn/parallel/distributed.py", line 1110, in _run_ddp_forward
output = self._run_ddp_forward(*inputs, **kwargs)
  File "/space/mawb/anaconda3/envs/comot/lib/python3.8/site-packages/torch/nn/parallel/distributed.py", line 1110, in _run_ddp_forward
    return module_to_run(*inputs[0], **kwargs[0])  # type: ignore[index]
  File "/space/mawb/anaconda3/envs/comot/lib/python3.8/site-packages/torch/nn/modules/module.py", line 1501, in _call_impl
    return module_to_run(*inputs[0], **kwargs[0])  # type: ignore[index]
  File "/space/mawb/anaconda3/envs/comot/lib/python3.8/site-packages/torch/nn/modules/module.py", line 1501, in _call_impl
        return module_to_run(*inputs[0], **kwargs[0])  # type: ignore[index]return module_to_run(*inputs[0], **kwargs[0])  # type: ignore[index]

  File "/space/mawb/anaconda3/envs/comot/lib/python3.8/site-packages/torch/nn/modules/module.py", line 1501, in _call_impl
  File "/space/mawb/anaconda3/envs/comot/lib/python3.8/site-packages/torch/nn/modules/module.py", line 1501, in _call_impl
    return module_to_run(*inputs[0], **kwargs[0])  # type: ignore[index]
      File "/space/mawb/anaconda3/envs/comot/lib/python3.8/site-packages/torch/nn/modules/module.py", line 1501, in _call_impl
return module_to_run(*inputs[0], **kwargs[0])  # type: ignore[index]
  File "/space/mawb/anaconda3/envs/comot/lib/python3.8/site-packages/torch/nn/modules/module.py", line 1501, in _call_impl
    return module_to_run(*inputs[0], **kwargs[0])  # type: ignore[index]
  File "/space/mawb/anaconda3/envs/comot/lib/python3.8/site-packages/torch/nn/modules/module.py", line 1501, in _call_impl
    return module_to_run(*inputs[0], **kwargs[0])  # type: ignore[index]
  File "/space/mawb/anaconda3/envs/comot/lib/python3.8/site-packages/torch/nn/modules/module.py", line 1501, in _call_impl
    return forward_call(*args, **kwargs)
  File "/datapool/mawb/MOTR/models/motr.py", line 646, in forward
    return forward_call(*args, **kwargs)
  File "/datapool/mawb/MOTR/models/motr.py", line 646, in forward
        return forward_call(*args, **kwargs)return forward_call(*args, **kwargs)

  File "/datapool/mawb/MOTR/models/motr.py", line 646, in forward
  File "/datapool/mawb/MOTR/models/motr.py", line 646, in forward
    return forward_call(*args, **kwargs)
      File "/datapool/mawb/MOTR/models/motr.py", line 645, in forward
return forward_call(*args, **kwargs)
  File "/datapool/mawb/MOTR/models/motr.py", line 645, in forward
    return forward_call(*args, **kwargs)
  File "/datapool/mawb/MOTR/models/motr.py", line 645, in forward
    return forward_call(*args, **kwargs)
  File "/datapool/mawb/MOTR/models/motr.py", line 645, in forward
    frame_res = self._forward_single_image(frame, track_instances)
  File "/datapool/mawb/MOTR/models/motr.py", line 515, in _forward_single_image
    frame_res = self._post_process_single_image(frame_res, track_instances, is_last)
      File "/datapool/mawb/MOTR/models/motr.py", line 558, in _post_process_single_image
frame_res = self._post_process_single_image(frame_res, track_instances, is_last)
      File "/datapool/mawb/MOTR/models/motr.py", line 558, in _post_process_single_image
    frame_res = self._forward_single_image(frame, track_instances)        frame_res = self._forward_single_image(frame, track_instances)
    frame_res = self._post_process_single_image(frame_res, track_instances, is_last)frame_res = self._forward_single_image(frame, track_instances)
  File "/datapool/mawb/MOTR/models/motr.py", line 515, in _forward_single_image
frame_res = self._post_process_single_image(frame_res, track_instances, is_last)

  File "/datapool/mawb/MOTR/models/motr.py", line 515, in _forward_single_image

  File "/datapool/mawb/MOTR/models/motr.py", line 558, in _post_process_single_image
  File "/datapool/mawb/MOTR/models/motr.py", line 515, in _forward_single_image
  File "/datapool/mawb/MOTR/models/motr.py", line 558, in _post_process_single_image
    hs, init_reference, inter_references, enc_outputs_class, enc_outputs_coord_unact = self.transformer(srcs, masks, pos, track_instances.query_pos, ref_pts=track_instances.ref_pts)
  File "/space/mawb/anaconda3/envs/comot/lib/python3.8/site-packages/torch/nn/modules/module.py", line 1501, in _call_impl
    raise RuntimeError("over")
    raise RuntimeError("over")RuntimeError
: over
RuntimeError: over
    hs, init_reference, inter_references, enc_outputs_class, enc_outputs_coord_unact = self.transformer(srcs, masks, pos, track_instances.query_pos, ref_pts=track_instances.ref_pts)
  File "/space/mawb/anaconda3/envs/comot/lib/python3.8/site-packages/torch/nn/modules/module.py", line 1501, in _call_impl
    raise RuntimeError("over")
    hs, init_reference, inter_references, enc_outputs_class, enc_outputs_coord_unact = self.transformer(srcs, masks, pos, track_instances.query_pos, ref_pts=track_instances.ref_pts)    
raise RuntimeError("over")RuntimeError  File "/space/mawb/anaconda3/envs/comot/lib/python3.8/site-packages/torch/nn/modules/module.py", line 1501, in _call_impl
    
: hs, init_reference, inter_references, enc_outputs_class, enc_outputs_coord_unact = self.transformer(srcs, masks, pos, track_instances.query_pos, ref_pts=track_instances.ref_pts)over

  File "/space/mawb/anaconda3/envs/comot/lib/python3.8/site-packages/torch/nn/modules/module.py", line 1501, in _call_impl
RuntimeError: over
    return forward_call(*args, **kwargs)
  File "/datapool/mawb/MOTR/models/deformable_transformer_plus.py", line 162, in forward
    return forward_call(*args, **kwargs)
  File "/datapool/mawb/MOTR/models/deformable_transformer_plus.py", line 162, in forward
    return forward_call(*args, **kwargs)
  File "/datapool/mawb/MOTR/models/deformable_transformer_plus.py", line 162, in forward
    return forward_call(*args, **kwargs)
  File "/datapool/mawb/MOTR/models/deformable_transformer_plus.py", line 162, in forward
        memory = self.encoder(src_flatten, spatial_shapes, level_start_index, valid_ratios, lvl_pos_embed_flatten, mask_flatten)memory = self.encoder(src_flatten, spatial_shapes, level_start_index, valid_ratios, lvl_pos_embed_flatten, mask_flatten)

      File "/space/mawb/anaconda3/envs/comot/lib/python3.8/site-packages/torch/nn/modules/module.py", line 1501, in _call_impl
  File "/space/mawb/anaconda3/envs/comot/lib/python3.8/site-packages/torch/nn/modules/module.py", line 1501, in _call_impl
memory = self.encoder(src_flatten, spatial_shapes, level_start_index, valid_ratios, lvl_pos_embed_flatten, mask_flatten)
      File "/space/mawb/anaconda3/envs/comot/lib/python3.8/site-packages/torch/nn/modules/module.py", line 1501, in _call_impl
memory = self.encoder(src_flatten, spatial_shapes, level_start_index, valid_ratios, lvl_pos_embed_flatten, mask_flatten)
  File "/space/mawb/anaconda3/envs/comot/lib/python3.8/site-packages/torch/nn/modules/module.py", line 1501, in _call_impl
            return forward_call(*args, **kwargs)return forward_call(*args, **kwargs)return forward_call(*args, **kwargs)


  File "/datapool/mawb/MOTR/models/deformable_transformer_plus.py", line 267, in forward
  File "/datapool/mawb/MOTR/models/deformable_transformer_plus.py", line 267, in forward
  File "/datapool/mawb/MOTR/models/deformable_transformer_plus.py", line 267, in forward
        output = layer(output, pos, reference_points, spatial_shapes, level_start_index, padding_mask)        return forward_call(*args, **kwargs)
output = layer(output, pos, reference_points, spatial_shapes, level_start_index, padding_mask)output = layer(output, pos, reference_points, spatial_shapes, level_start_index, padding_mask)
  File "/space/mawb/anaconda3/envs/comot/lib/python3.8/site-packages/torch/nn/modules/module.py", line 1501, in _call_impl


  File "/datapool/mawb/MOTR/models/deformable_transformer_plus.py", line 267, in forward
  File "/space/mawb/anaconda3/envs/comot/lib/python3.8/site-packages/torch/nn/modules/module.py", line 1501, in _call_impl
  File "/space/mawb/anaconda3/envs/comot/lib/python3.8/site-packages/torch/nn/modules/module.py", line 1501, in _call_impl
    output = layer(output, pos, reference_points, spatial_shapes, level_start_index, padding_mask)
  File "/space/mawb/anaconda3/envs/comot/lib/python3.8/site-packages/torch/nn/modules/module.py", line 1501, in _call_impl
    return forward_call(*args, **kwargs)
      File "/datapool/mawb/MOTR/models/deformable_transformer_plus.py", line 233, in forward
return forward_call(*args, **kwargs)    
return forward_call(*args, **kwargs)
  File "/datapool/mawb/MOTR/models/deformable_transformer_plus.py", line 233, in forward
  File "/datapool/mawb/MOTR/models/deformable_transformer_plus.py", line 233, in forward
    src2 = self.self_attn(self.with_pos_embed(src, pos), reference_points, src, spatial_shapes, level_start_index, padding_mask)
      File "/space/mawb/anaconda3/envs/comot/lib/python3.8/site-packages/torch/nn/modules/module.py", line 1501, in _call_impl
    src2 = self.self_attn(self.with_pos_embed(src, pos), reference_points, src, spatial_shapes, level_start_index, padding_mask)src2 = self.self_attn(self.with_pos_embed(src, pos), reference_points, src, spatial_shapes, level_start_index, padding_mask)

  File "/space/mawb/anaconda3/envs/comot/lib/python3.8/site-packages/torch/nn/modules/module.py", line 1501, in _call_impl
  File "/space/mawb/anaconda3/envs/comot/lib/python3.8/site-packages/torch/nn/modules/module.py", line 1501, in _call_impl
    return forward_call(*args, **kwargs)
  File "/datapool/mawb/MOTR/models/deformable_transformer_plus.py", line 238, in forward
    return forward_call(*args, **kwargs)
  File "/datapool/mawb/MOTR/models/ops/modules/ms_deform_attn.py", line 107, in forward
    return forward_call(*args, **kwargs)
  File "/datapool/mawb/MOTR/models/ops/modules/ms_deform_attn.py", line 102, in forward
        src = self.forward_ffn(src)return forward_call(*args, **kwargs)

  File "/datapool/mawb/MOTR/models/deformable_transformer_plus.py", line 226, in forward_ffn
  File "/datapool/mawb/MOTR/models/ops/modules/ms_deform_attn.py", line 111, in forward
    src2 = self.linear2(self.dropout2(self.activation(self.linear1(src))))
  File "/space/mawb/anaconda3/envs/comot/lib/python3.8/site-packages/torch/nn/modules/module.py", line 1501, in _call_impl
    return forward_call(*args, **kwargs)
  File "/space/mawb/anaconda3/envs/comot/lib/python3.8/site-packages/torch/nn/modules/linear.py", line 114, in forward
    return F.linear(input, self.weight, self.bias)
torch.cuda.OutOfMemoryError: CUDA out of memory. Tried to allocate 48.00 MiB (GPU 6; 23.68 GiB total capacity; 1.20 GiB already allocated; 15.75 MiB free; 1.24 GiB reserved in total by PyTorch) If reserved memory is >> allocated memory try setting max_split_size_mb to avoid fragmentation.  See documentation for Memory Management and PYTORCH_CUDA_ALLOC_CONF
        sampling_offsets = self.sampling_offsets(query).view(N, Len_q, self.n_heads, self.n_levels, self.n_points, 2)+ sampling_offsets / input_spatial_shapes[None, None, None, :, None, (1, 0)]

  File "/space/mawb/anaconda3/envs/comot/lib/python3.8/site-packages/torch/nn/modules/module.py", line 1501, in _call_impl
    attention_weights = F.softmax(attention_weights, -1).view(N, Len_q, self.n_heads, self.n_levels, self.n_points)
  File "/space/mawb/anaconda3/envs/comot/lib/python3.8/site-packages/torch/nn/functional.py", line 1843, in softmax
torch.cuda.OutOfMemoryError: CUDA out of memory. Tried to allocate 16.00 MiB (GPU 4; 23.68 GiB total capacity; 1.21 GiB already allocated; 3.75 MiB free; 1.26 GiB reserved in total by PyTorch) If reserved memory is >> allocated memory try setting max_split_size_mb to avoid fragmentation.  See documentation for Memory Management and PYTORCH_CUDA_ALLOC_CONF
    return forward_call(*args, **kwargs)
  File "/space/mawb/anaconda3/envs/comot/lib/python3.8/site-packages/torch/nn/modules/linear.py", line 114, in forward
    return F.linear(input, self.weight, self.bias)
torch.cuda.OutOfMemoryError: CUDA out of memory. Tried to allocate 20.00 MiB (GPU 5; 23.68 GiB total capacity; 1.18 GiB already allocated; 11.75 MiB free; 1.24 GiB reserved in total by PyTorch) If reserved memory is >> allocated memory try setting max_split_size_mb to avoid fragmentation.  See documentation for Memory Management and PYTORCH_CUDA_ALLOC_CONF
    ret = input.softmax(dim)
torch.cuda.OutOfMemoryError: CUDA out of memory. Tried to allocate 20.00 MiB (GPU 7; 23.68 GiB total capacity; 1.15 GiB already allocated; 5.75 MiB free; 1.25 GiB reserved in total by PyTorch) If reserved memory is >> allocated memory try setting max_split_size_mb to avoid fragmentation.  See documentation for Memory Management and PYTORCH_CUDA_ALLOC_CONF
ERROR:torch.distributed.elastic.multiprocessing.api:failed (exitcode: 1) local_rank: 0 (pid: 24462) of binary: /space/mawb/anaconda3/envs/comot/bin/python3
Traceback (most recent call last):
  File "/space/mawb/anaconda3/envs/comot/lib/python3.8/runpy.py", line 194, in _run_module_as_main
    return _run_code(code, main_globals, None,
  File "/space/mawb/anaconda3/envs/comot/lib/python3.8/runpy.py", line 87, in _run_code
    exec(code, run_globals)
  File "/space/mawb/anaconda3/envs/comot/lib/python3.8/site-packages/torch/distributed/launch.py", line 196, in <module>
    main()
  File "/space/mawb/anaconda3/envs/comot/lib/python3.8/site-packages/torch/distributed/launch.py", line 192, in main
    launch(args)
  File "/space/mawb/anaconda3/envs/comot/lib/python3.8/site-packages/torch/distributed/launch.py", line 177, in launch
    run(args)
  File "/space/mawb/anaconda3/envs/comot/lib/python3.8/site-packages/torch/distributed/run.py", line 785, in run
    elastic_launch(
  File "/space/mawb/anaconda3/envs/comot/lib/python3.8/site-packages/torch/distributed/launcher/api.py", line 134, in __call__
    return launch_agent(self._config, self._entrypoint, list(args))
  File "/space/mawb/anaconda3/envs/comot/lib/python3.8/site-packages/torch/distributed/launcher/api.py", line 250, in launch_agent
    raise ChildFailedError(
torch.distributed.elastic.multiprocessing.errors.ChildFailedError: 
============================================================
main.py FAILED
------------------------------------------------------------
Failures:
[1]:
  time      : 2026-03-26_21:10:01
  host      : 3dimage-13
  rank      : 1 (local_rank: 1)
  exitcode  : 1 (pid: 24463)
  error_file: <N/A>
  traceback : To enable traceback see: https://pytorch.org/docs/stable/elastic/errors.html
[2]:
  time      : 2026-03-26_21:10:01
  host      : 3dimage-13
  rank      : 2 (local_rank: 2)
  exitcode  : 1 (pid: 24464)
  error_file: <N/A>
  traceback : To enable traceback see: https://pytorch.org/docs/stable/elastic/errors.html
[3]:
  time      : 2026-03-26_21:10:01
  host      : 3dimage-13
  rank      : 3 (local_rank: 3)
  exitcode  : 1 (pid: 24465)
  error_file: <N/A>
  traceback : To enable traceback see: https://pytorch.org/docs/stable/elastic/errors.html
[4]:
  time      : 2026-03-26_21:10:01
  host      : 3dimage-13
  rank      : 4 (local_rank: 4)
  exitcode  : 1 (pid: 24466)
  error_file: <N/A>
  traceback : To enable traceback see: https://pytorch.org/docs/stable/elastic/errors.html
[5]:
  time      : 2026-03-26_21:10:01
  host      : 3dimage-13
  rank      : 5 (local_rank: 5)
  exitcode  : 1 (pid: 24467)
  error_file: <N/A>
  traceback : To enable traceback see: https://pytorch.org/docs/stable/elastic/errors.html
[6]:
  time      : 2026-03-26_21:10:01
  host      : 3dimage-13
  rank      : 6 (local_rank: 6)
  exitcode  : 1 (pid: 24468)
  error_file: <N/A>
  traceback : To enable traceback see: https://pytorch.org/docs/stable/elastic/errors.html
[7]:
  time      : 2026-03-26_21:10:01
  host      : 3dimage-13
  rank      : 7 (local_rank: 7)
  exitcode  : 1 (pid: 24469)
  error_file: <N/A>
  traceback : To enable traceback see: https://pytorch.org/docs/stable/elastic/errors.html
------------------------------------------------------------
Root Cause (first observed failure):
[0]:
  time      : 2026-03-26_21:10:01
  host      : 3dimage-13
  rank      : 0 (local_rank: 0)
  exitcode  : 1 (pid: 24462)
  error_file: <N/A>
  traceback : To enable traceback see: https://pytorch.org/docs/stable/elastic/errors.html
============================================================
