/space/mawb/anaconda3/envs/comot/lib/python3.8/site-packages/torch/distributed/launch.py:181: FutureWarning: The module torch.distributed.launch is deprecated
and will be removed in future. Use torchrun.
Note that --use-env is set by default in torchrun.
If your script expects `--local-rank` argument to be set, please
change it to read from `os.environ['LOCAL_RANK']` instead. See 
https://pytorch.org/docs/stable/distributed.html#launch-utility for 
further instructions

  warnings.warn(
WARNING:torch.distributed.run:
*****************************************
Setting OMP_NUM_THREADS environment variable for each process to be 1 in default, to avoid your system being overloaded, please further tune the variable for optimal performance in your application as needed. 
*****************************************
/space/mawb/anaconda3/envs/comot/lib/python3.8/site-packages/torchvision/datapoints/__init__.py:12: UserWarning: The torchvision.datapoints and torchvision.transforms.v2 namespaces are still Beta. While we do not expect major breaking changes, some APIs may still change according to user feedback. Please submit any feedback you may have in this issue: https://github.com/pytorch/vision/issues/6753, and you can also check out https://github.com/pytorch/vision/issues/7319 to learn more about the APIs that we suspect might involve future changes. You can silence this warning by calling torchvision.disable_beta_transforms_warning().
  warnings.warn(_BETA_TRANSFORMS_WARNING)
/space/mawb/anaconda3/envs/comot/lib/python3.8/site-packages/torchvision/datapoints/__init__.py:12: UserWarning: The torchvision.datapoints and torchvision.transforms.v2 namespaces are still Beta. While we do not expect major breaking changes, some APIs may still change according to user feedback. Please submit any feedback you may have in this issue: https://github.com/pytorch/vision/issues/6753, and you can also check out https://github.com/pytorch/vision/issues/7319 to learn more about the APIs that we suspect might involve future changes. You can silence this warning by calling torchvision.disable_beta_transforms_warning().
  warnings.warn(_BETA_TRANSFORMS_WARNING)
/space/mawb/anaconda3/envs/comot/lib/python3.8/site-packages/torchvision/datapoints/__init__.py:12: UserWarning: The torchvision.datapoints and torchvision.transforms.v2 namespaces are still Beta. While we do not expect major breaking changes, some APIs may still change according to user feedback. Please submit any feedback you may have in this issue: https://github.com/pytorch/vision/issues/6753, and you can also check out https://github.com/pytorch/vision/issues/7319 to learn more about the APIs that we suspect might involve future changes. You can silence this warning by calling torchvision.disable_beta_transforms_warning().
  warnings.warn(_BETA_TRANSFORMS_WARNING)
/space/mawb/anaconda3/envs/comot/lib/python3.8/site-packages/torchvision/datapoints/__init__.py:12: UserWarning: The torchvision.datapoints and torchvision.transforms.v2 namespaces are still Beta. While we do not expect major breaking changes, some APIs may still change according to user feedback. Please submit any feedback you may have in this issue: https://github.com/pytorch/vision/issues/6753, and you can also check out https://github.com/pytorch/vision/issues/7319 to learn more about the APIs that we suspect might involve future changes. You can silence this warning by calling torchvision.disable_beta_transforms_warning().
  warnings.warn(_BETA_TRANSFORMS_WARNING)
/space/mawb/anaconda3/envs/comot/lib/python3.8/site-packages/torchvision/datapoints/__init__.py:12: UserWarning: The torchvision.datapoints and torchvision.transforms.v2 namespaces are still Beta. While we do not expect major breaking changes, some APIs may still change according to user feedback. Please submit any feedback you may have in this issue: https://github.com/pytorch/vision/issues/6753, and you can also check out https://github.com/pytorch/vision/issues/7319 to learn more about the APIs that we suspect might involve future changes. You can silence this warning by calling torchvision.disable_beta_transforms_warning().
  warnings.warn(_BETA_TRANSFORMS_WARNING)
/space/mawb/anaconda3/envs/comot/lib/python3.8/site-packages/torchvision/datapoints/__init__.py:12: UserWarning: The torchvision.datapoints and torchvision.transforms.v2 namespaces are still Beta. While we do not expect major breaking changes, some APIs may still change according to user feedback. Please submit any feedback you may have in this issue: https://github.com/pytorch/vision/issues/6753, and you can also check out https://github.com/pytorch/vision/issues/7319 to learn more about the APIs that we suspect might involve future changes. You can silence this warning by calling torchvision.disable_beta_transforms_warning().
  warnings.warn(_BETA_TRANSFORMS_WARNING)
/space/mawb/anaconda3/envs/comot/lib/python3.8/site-packages/torchvision/datapoints/__init__.py:12: UserWarning: The torchvision.datapoints and torchvision.transforms.v2 namespaces are still Beta. While we do not expect major breaking changes, some APIs may still change according to user feedback. Please submit any feedback you may have in this issue: https://github.com/pytorch/vision/issues/6753, and you can also check out https://github.com/pytorch/vision/issues/7319 to learn more about the APIs that we suspect might involve future changes. You can silence this warning by calling torchvision.disable_beta_transforms_warning().
  warnings.warn(_BETA_TRANSFORMS_WARNING)
/space/mawb/anaconda3/envs/comot/lib/python3.8/site-packages/torchvision/datapoints/__init__.py:12: UserWarning: The torchvision.datapoints and torchvision.transforms.v2 namespaces are still Beta. While we do not expect major breaking changes, some APIs may still change according to user feedback. Please submit any feedback you may have in this issue: https://github.com/pytorch/vision/issues/6753, and you can also check out https://github.com/pytorch/vision/issues/7319 to learn more about the APIs that we suspect might involve future changes. You can silence this warning by calling torchvision.disable_beta_transforms_warning().
  warnings.warn(_BETA_TRANSFORMS_WARNING)
/space/mawb/anaconda3/envs/comot/lib/python3.8/site-packages/torchvision/transforms/v2/__init__.py:54: UserWarning: The torchvision.datapoints and torchvision.transforms.v2 namespaces are still Beta. While we do not expect major breaking changes, some APIs may still change according to user feedback. Please submit any feedback you may have in this issue: https://github.com/pytorch/vision/issues/6753, and you can also check out https://github.com/pytorch/vision/issues/7319 to learn more about the APIs that we suspect might involve future changes. You can silence this warning by calling torchvision.disable_beta_transforms_warning().
  warnings.warn(_BETA_TRANSFORMS_WARNING)
/space/mawb/anaconda3/envs/comot/lib/python3.8/site-packages/torchvision/transforms/v2/__init__.py:54: UserWarning: The torchvision.datapoints and torchvision.transforms.v2 namespaces are still Beta. While we do not expect major breaking changes, some APIs may still change according to user feedback. Please submit any feedback you may have in this issue: https://github.com/pytorch/vision/issues/6753, and you can also check out https://github.com/pytorch/vision/issues/7319 to learn more about the APIs that we suspect might involve future changes. You can silence this warning by calling torchvision.disable_beta_transforms_warning().
  warnings.warn(_BETA_TRANSFORMS_WARNING)
/space/mawb/anaconda3/envs/comot/lib/python3.8/site-packages/torchvision/transforms/v2/__init__.py:54: UserWarning: The torchvision.datapoints and torchvision.transforms.v2 namespaces are still Beta. While we do not expect major breaking changes, some APIs may still change according to user feedback. Please submit any feedback you may have in this issue: https://github.com/pytorch/vision/issues/6753, and you can also check out https://github.com/pytorch/vision/issues/7319 to learn more about the APIs that we suspect might involve future changes. You can silence this warning by calling torchvision.disable_beta_transforms_warning().
  warnings.warn(_BETA_TRANSFORMS_WARNING)
/space/mawb/anaconda3/envs/comot/lib/python3.8/site-packages/torchvision/transforms/v2/__init__.py:54: UserWarning: The torchvision.datapoints and torchvision.transforms.v2 namespaces are still Beta. While we do not expect major breaking changes, some APIs may still change according to user feedback. Please submit any feedback you may have in this issue: https://github.com/pytorch/vision/issues/6753, and you can also check out https://github.com/pytorch/vision/issues/7319 to learn more about the APIs that we suspect might involve future changes. You can silence this warning by calling torchvision.disable_beta_transforms_warning().
  warnings.warn(_BETA_TRANSFORMS_WARNING)
/space/mawb/anaconda3/envs/comot/lib/python3.8/site-packages/torchvision/transforms/v2/__init__.py:54: UserWarning: The torchvision.datapoints and torchvision.transforms.v2 namespaces are still Beta. While we do not expect major breaking changes, some APIs may still change according to user feedback. Please submit any feedback you may have in this issue: https://github.com/pytorch/vision/issues/6753, and you can also check out https://github.com/pytorch/vision/issues/7319 to learn more about the APIs that we suspect might involve future changes. You can silence this warning by calling torchvision.disable_beta_transforms_warning().
  warnings.warn(_BETA_TRANSFORMS_WARNING)
/space/mawb/anaconda3/envs/comot/lib/python3.8/site-packages/torchvision/transforms/v2/__init__.py:54: UserWarning: The torchvision.datapoints and torchvision.transforms.v2 namespaces are still Beta. While we do not expect major breaking changes, some APIs may still change according to user feedback. Please submit any feedback you may have in this issue: https://github.com/pytorch/vision/issues/6753, and you can also check out https://github.com/pytorch/vision/issues/7319 to learn more about the APIs that we suspect might involve future changes. You can silence this warning by calling torchvision.disable_beta_transforms_warning().
  warnings.warn(_BETA_TRANSFORMS_WARNING)
/space/mawb/anaconda3/envs/comot/lib/python3.8/site-packages/torchvision/transforms/v2/__init__.py:54: UserWarning: The torchvision.datapoints and torchvision.transforms.v2 namespaces are still Beta. While we do not expect major breaking changes, some APIs may still change according to user feedback. Please submit any feedback you may have in this issue: https://github.com/pytorch/vision/issues/6753, and you can also check out https://github.com/pytorch/vision/issues/7319 to learn more about the APIs that we suspect might involve future changes. You can silence this warning by calling torchvision.disable_beta_transforms_warning().
  warnings.warn(_BETA_TRANSFORMS_WARNING)
/space/mawb/anaconda3/envs/comot/lib/python3.8/site-packages/torchvision/transforms/v2/__init__.py:54: UserWarning: The torchvision.datapoints and torchvision.transforms.v2 namespaces are still Beta. While we do not expect major breaking changes, some APIs may still change according to user feedback. Please submit any feedback you may have in this issue: https://github.com/pytorch/vision/issues/6753, and you can also check out https://github.com/pytorch/vision/issues/7319 to learn more about the APIs that we suspect might involve future changes. You can silence this warning by calling torchvision.disable_beta_transforms_warning().
  warnings.warn(_BETA_TRANSFORMS_WARNING)
| distributed init (rank 0): env://
| distributed init (rank 5): env://
| distributed init (rank 7): env://
| distributed init (rank 3): env://
| distributed init (rank 6): env://
| distributed init (rank 4): env://
| distributed init (rank 2): env://
| distributed init (rank 1): env://
/space/mawb/anaconda3/envs/comot/lib/python3.8/site-packages/torchvision/models/_utils.py:208: UserWarning: The parameter 'pretrained' is deprecated since 0.13 and may be removed in the future, please use 'weights' instead.
  warnings.warn(
/space/mawb/anaconda3/envs/comot/lib/python3.8/site-packages/torchvision/models/_utils.py:223: UserWarning: Arguments other than a weight enum or `None` for 'weights' are deprecated since 0.13 and may be removed in the future. The current behavior is equivalent to passing `weights=None`.
  warnings.warn(msg)
/space/mawb/anaconda3/envs/comot/lib/python3.8/site-packages/torchvision/models/_utils.py:208: UserWarning: The parameter 'pretrained' is deprecated since 0.13 and may be removed in the future, please use 'weights' instead.
  warnings.warn(
/space/mawb/anaconda3/envs/comot/lib/python3.8/site-packages/torchvision/models/_utils.py:223: UserWarning: Arguments other than a weight enum or `None` for 'weights' are deprecated since 0.13 and may be removed in the future. The current behavior is equivalent to passing `weights=None`.
  warnings.warn(msg)
/space/mawb/anaconda3/envs/comot/lib/python3.8/site-packages/torchvision/models/_utils.py:208: UserWarning: The parameter 'pretrained' is deprecated since 0.13 and may be removed in the future, please use 'weights' instead.
  warnings.warn(
/space/mawb/anaconda3/envs/comot/lib/python3.8/site-packages/torchvision/models/_utils.py:223: UserWarning: Arguments other than a weight enum or `None` for 'weights' are deprecated since 0.13 and may be removed in the future. The current behavior is equivalent to passing `weights=None`.
  warnings.warn(msg)
/space/mawb/anaconda3/envs/comot/lib/python3.8/site-packages/torchvision/models/_utils.py:208: UserWarning: The parameter 'pretrained' is deprecated since 0.13 and may be removed in the future, please use 'weights' instead.
  warnings.warn(
/space/mawb/anaconda3/envs/comot/lib/python3.8/site-packages/torchvision/models/_utils.py:223: UserWarning: Arguments other than a weight enum or `None` for 'weights' are deprecated since 0.13 and may be removed in the future. The current behavior is equivalent to passing `weights=None`.
  warnings.warn(msg)
/space/mawb/anaconda3/envs/comot/lib/python3.8/site-packages/torchvision/models/_utils.py:208: UserWarning: The parameter 'pretrained' is deprecated since 0.13 and may be removed in the future, please use 'weights' instead.
  warnings.warn(
/space/mawb/anaconda3/envs/comot/lib/python3.8/site-packages/torchvision/models/_utils.py:223: UserWarning: Arguments other than a weight enum or `None` for 'weights' are deprecated since 0.13 and may be removed in the future. The current behavior is equivalent to passing `weights=None`.
  warnings.warn(msg)
git:
  sha: 631625c61922f6506011128a652fd13215046067, status: has uncommited changes, branch: main

Namespace(accurate_ratio=False, aux_loss=True, backbone='resnet50', batch_size=1, bbox_loss_coef=5, cache_mode=False, cj=False, clip_max_norm=0.1, cls_loss_coef=2, coco_panoptic_path=None, coco_path='/data/workspace/detectron2/datasets/coco/', crop=False, data_ratio=0.5, data_txt_path_train='./datasets/data_path/joint_half.train', data_txt_path_val='./datasets/data_path/mot17.train', dataset_file='e2e_joint', dec_layers=6, dec_n_points=4, decoder_cross_self=False, device='cuda', dice_loss_coef=1, dilation=False, dim_feedforward=1024, dist_backend='nccl', dist_url='env://', distributed=True, dropout=0.0, enable_fpn=False, enc_layers=6, enc_n_points=4, epochs=100, eval=False, exp_name='submit', extra_track_attn=True, features_loss_coef=0.1, filter_ignore=False, focal_alpha=0.25, fp_ratio=0.3, frozen_weights=None, giou_loss_coef=2, gpu=0, gt_file_train=None, gt_file_val=None, hidden_dim=256, img_path='data/valid/JPEGImages/', input_video='figs/demo.mp4', loss_normalizer=False, lr=0.0002, lr_backbone=2e-05, lr_backbone_names=['backbone.0'], lr_drop=50, lr_drop_epochs=None, lr_linear_proj_mult=0.1, lr_linear_proj_names=['reference_points', 'sampling_offsets'], mask_loss_coef=1, masks=False, max_size=1333, memory_bank_len=4, memory_bank_score_thresh=0.0, memory_bank_type=None, memory_bank_with_self_attn=False, merger_dropout=0.0, meta_arch='motr', mix_match=False, mot_path='./data/Datasets/mot', nheads=8, num_anchors=1, num_feature_levels=4, num_queries=300, num_workers=2, output_dir='exps/e2e_motr_r50_mot17_joint_half', position_embedding='sine', position_embedding_scale=6.283185307179586, pretrained='/space/mawb/MOTR/exps/e2e_motr_r50_joint_aug1_half/checkpoint.pth', query_interaction_layer='QIM', random_drop=0.1, rank=0, remove_difficult=False, resume='', sample_interval=10, sample_mode='random_interval', sampler_lengths=[2, 3, 4, 5], sampler_steps=[25, 50, 75], save_period=50, seed=42, set_cost_bbox=5, set_cost_class=2, set_cost_giou=2, sgd=False, sigmoid_attn=False, start_epoch=0, two_stage=False, update_query_pos=True, use_checkpoint=True, val_width=800, vis=False, weight_decay=0.0001, with_box_refine=True, world_size=8)
/space/mawb/anaconda3/envs/comot/lib/python3.8/site-packages/torchvision/models/_utils.py:208: UserWarning: The parameter 'pretrained' is deprecated since 0.13 and may be removed in the future, please use 'weights' instead.
  warnings.warn(
/space/mawb/anaconda3/envs/comot/lib/python3.8/site-packages/torchvision/models/_utils.py:223: UserWarning: Arguments other than a weight enum or `None` for 'weights' are deprecated since 0.13 and may be removed in the future. The current behavior is equivalent to passing `weights=ResNet50_Weights.IMAGENET1K_V1`. You can also use `weights=ResNet50_Weights.DEFAULT` to get the most up-to-date weights.
  warnings.warn(msg)
/space/mawb/anaconda3/envs/comot/lib/python3.8/site-packages/torchvision/models/_utils.py:208: UserWarning: The parameter 'pretrained' is deprecated since 0.13 and may be removed in the future, please use 'weights' instead.
  warnings.warn(
/space/mawb/anaconda3/envs/comot/lib/python3.8/site-packages/torchvision/models/_utils.py:223: UserWarning: Arguments other than a weight enum or `None` for 'weights' are deprecated since 0.13 and may be removed in the future. The current behavior is equivalent to passing `weights=None`.
  warnings.warn(msg)
/space/mawb/anaconda3/envs/comot/lib/python3.8/site-packages/torchvision/models/_utils.py:208: UserWarning: The parameter 'pretrained' is deprecated since 0.13 and may be removed in the future, please use 'weights' instead.
  warnings.warn(
/space/mawb/anaconda3/envs/comot/lib/python3.8/site-packages/torchvision/models/_utils.py:223: UserWarning: Arguments other than a weight enum or `None` for 'weights' are deprecated since 0.13 and may be removed in the future. The current behavior is equivalent to passing `weights=None`.
  warnings.warn(msg)
Training with Extra Self Attention in Every Decoder.
Training with Self-Cross Attention.
Traceback (most recent call last):
  File "main.py", line 387, in <module>
    main(args)
  File "main.py", line 207, in main
Traceback (most recent call last):
  File "main.py", line 387, in <module>
    dataset_train = build_dataset(image_set='train', args=args)
  File "/datapool/mawb/MOTR/datasets/__init__.py", line 48, in build_dataset
    main(args)
  File "main.py", line 207, in main
    dataset_train = build_dataset(image_set='train', args=args)
  File "/datapool/mawb/MOTR/datasets/__init__.py", line 48, in build_dataset
    return build_e2e_joint(image_set, args)
      File "/datapool/mawb/MOTR/datasets/joint.py", line 335, in build
return build_e2e_joint(image_set, args)
  File "/datapool/mawb/MOTR/datasets/joint.py", line 335, in build
    assert root.exists(), f'provided MOT path {root} does not exist'
AssertionError    : assert root.exists(), f'provided MOT path {root} does not exist'provided MOT path data/Datasets/mot does not exist

AssertionError: provided MOT path data/Datasets/mot does not exist
Traceback (most recent call last):
  File "main.py", line 387, in <module>
    main(args)
  File "main.py", line 207, in main
    dataset_train = build_dataset(image_set='train', args=args)
  File "/datapool/mawb/MOTR/datasets/__init__.py", line 48, in build_dataset
    return build_e2e_joint(image_set, args)
  File "/datapool/mawb/MOTR/datasets/joint.py", line 335, in build
    assert root.exists(), f'provided MOT path {root} does not exist'
AssertionError: provided MOT path data/Datasets/mot does not exist
Traceback (most recent call last):
  File "main.py", line 387, in <module>
    main(args)
  File "main.py", line 207, in main
    dataset_train = build_dataset(image_set='train', args=args)
  File "/datapool/mawb/MOTR/datasets/__init__.py", line 48, in build_dataset
    return build_e2e_joint(image_set, args)
  File "/datapool/mawb/MOTR/datasets/joint.py", line 335, in build
    assert root.exists(), f'provided MOT path {root} does not exist'
AssertionError: provided MOT path data/Datasets/mot does not exist
Traceback (most recent call last):
  File "main.py", line 387, in <module>
    main(args)
  File "main.py", line 207, in main
    dataset_train = build_dataset(image_set='train', args=args)
  File "/datapool/mawb/MOTR/datasets/__init__.py", line 48, in build_dataset
    return build_e2e_joint(image_set, args)
  File "/datapool/mawb/MOTR/datasets/joint.py", line 335, in build
    assert root.exists(), f'provided MOT path {root} does not exist'
AssertionError: provided MOT path data/Datasets/mot does not exist
Traceback (most recent call last):
  File "main.py", line 387, in <module>
    main(args)
  File "main.py", line 207, in main
    dataset_train = build_dataset(image_set='train', args=args)
  File "/datapool/mawb/MOTR/datasets/__init__.py", line 48, in build_dataset
    return build_e2e_joint(image_set, args)
  File "/datapool/mawb/MOTR/datasets/joint.py", line 335, in build
    assert root.exists(), f'provided MOT path {root} does not exist'
AssertionError: provided MOT path data/Datasets/mot does not exist
Traceback (most recent call last):
  File "main.py", line 387, in <module>
    main(args)
  File "main.py", line 207, in main
    dataset_train = build_dataset(image_set='train', args=args)
  File "/datapool/mawb/MOTR/datasets/__init__.py", line 48, in build_dataset
    return build_e2e_joint(image_set, args)
  File "/datapool/mawb/MOTR/datasets/joint.py", line 335, in build
    assert root.exists(), f'provided MOT path {root} does not exist'
AssertionError: provided MOT path data/Datasets/mot does not exist
number of params: 43912992
Traceback (most recent call last):
  File "main.py", line 387, in <module>
    main(args)
  File "main.py", line 207, in main
    dataset_train = build_dataset(image_set='train', args=args)
  File "/datapool/mawb/MOTR/datasets/__init__.py", line 48, in build_dataset
    return build_e2e_joint(image_set, args)
  File "/datapool/mawb/MOTR/datasets/joint.py", line 335, in build
    assert root.exists(), f'provided MOT path {root} does not exist'
AssertionError: provided MOT path data/Datasets/mot does not exist
ERROR:torch.distributed.elastic.multiprocessing.api:failed (exitcode: 1) local_rank: 0 (pid: 1463111) of binary: /space/mawb/anaconda3/envs/comot/bin/python3
Traceback (most recent call last):
  File "/space/mawb/anaconda3/envs/comot/lib/python3.8/runpy.py", line 194, in _run_module_as_main
    return _run_code(code, main_globals, None,
  File "/space/mawb/anaconda3/envs/comot/lib/python3.8/runpy.py", line 87, in _run_code
    exec(code, run_globals)
  File "/space/mawb/anaconda3/envs/comot/lib/python3.8/site-packages/torch/distributed/launch.py", line 196, in <module>
    main()
  File "/space/mawb/anaconda3/envs/comot/lib/python3.8/site-packages/torch/distributed/launch.py", line 192, in main
    launch(args)
  File "/space/mawb/anaconda3/envs/comot/lib/python3.8/site-packages/torch/distributed/launch.py", line 177, in launch
    run(args)
  File "/space/mawb/anaconda3/envs/comot/lib/python3.8/site-packages/torch/distributed/run.py", line 785, in run
    elastic_launch(
  File "/space/mawb/anaconda3/envs/comot/lib/python3.8/site-packages/torch/distributed/launcher/api.py", line 134, in __call__
    return launch_agent(self._config, self._entrypoint, list(args))
  File "/space/mawb/anaconda3/envs/comot/lib/python3.8/site-packages/torch/distributed/launcher/api.py", line 250, in launch_agent
    raise ChildFailedError(
torch.distributed.elastic.multiprocessing.errors.ChildFailedError: 
============================================================
main.py FAILED
------------------------------------------------------------
Failures:
[1]:
  time      : 2026-03-27_18:35:51
  host      : 3dimage-13
  rank      : 1 (local_rank: 1)
  exitcode  : 1 (pid: 1463112)
  error_file: <N/A>
  traceback : To enable traceback see: https://pytorch.org/docs/stable/elastic/errors.html
[2]:
  time      : 2026-03-27_18:35:51
  host      : 3dimage-13
  rank      : 2 (local_rank: 2)
  exitcode  : 1 (pid: 1463113)
  error_file: <N/A>
  traceback : To enable traceback see: https://pytorch.org/docs/stable/elastic/errors.html
[3]:
  time      : 2026-03-27_18:35:51
  host      : 3dimage-13
  rank      : 3 (local_rank: 3)
  exitcode  : 1 (pid: 1463114)
  error_file: <N/A>
  traceback : To enable traceback see: https://pytorch.org/docs/stable/elastic/errors.html
[4]:
  time      : 2026-03-27_18:35:51
  host      : 3dimage-13
  rank      : 4 (local_rank: 4)
  exitcode  : 1 (pid: 1463115)
  error_file: <N/A>
  traceback : To enable traceback see: https://pytorch.org/docs/stable/elastic/errors.html
[5]:
  time      : 2026-03-27_18:35:51
  host      : 3dimage-13
  rank      : 5 (local_rank: 5)
  exitcode  : 1 (pid: 1463116)
  error_file: <N/A>
  traceback : To enable traceback see: https://pytorch.org/docs/stable/elastic/errors.html
[6]:
  time      : 2026-03-27_18:35:51
  host      : 3dimage-13
  rank      : 6 (local_rank: 6)
  exitcode  : 1 (pid: 1463117)
  error_file: <N/A>
  traceback : To enable traceback see: https://pytorch.org/docs/stable/elastic/errors.html
[7]:
  time      : 2026-03-27_18:35:51
  host      : 3dimage-13
  rank      : 7 (local_rank: 7)
  exitcode  : 1 (pid: 1463118)
  error_file: <N/A>
  traceback : To enable traceback see: https://pytorch.org/docs/stable/elastic/errors.html
------------------------------------------------------------
Root Cause (first observed failure):
[0]:
  time      : 2026-03-27_18:35:51
  host      : 3dimage-13
  rank      : 0 (local_rank: 0)
  exitcode  : 1 (pid: 1463111)
  error_file: <N/A>
  traceback : To enable traceback see: https://pytorch.org/docs/stable/elastic/errors.html
============================================================
